**********************************************************************
** Visual Studio 2022 Developer PowerShell v17.0.0
** Copyright (c) 2021 Microsoft Corporation
**********************************************************************
PS C:\Users\a\source\repos> dotnet new tool-manifest
The template "Dotnet local tool manifest file" was created successfully.
PS C:\Users\a\source\repos> dotnet tool install dotnet-ef
You can invoke the tool from this directory using the following commands: 'dotnet tool run dotnet-ef' or 'dotnet dotnet-ef'.
Tool 'dotnet-ef' (version '6ls -a
Get-ChildItem : Parameter cannot be processed because the parameter name 'a' is ambiguous. Possible matches include: -Attributes -Directory -File -Hidden -ReadOnly -System.ext OrderDBContext --context-dir Database --output-dir Models
At line:1 char:4

PS C:\Users\a\source\repos> dotnet ef dbcontext scaffold "Server=localhost;Database=BookLibraryDB;Trusted_Connection=True;" "Microsoft.EntityFrameworkCore.SqlServer" --context BookLibraryDBContext --context-dir Database --output-dir Models
No project was found. Change the current working directory or use the --project option.
PS C:\Users\a\source\repos> cd D:\GitHub\B_R\Main\CodeFirst\ConsoleApp\
PS D:\GitHub\B_R\Main\CodeFirst\ConsoleApp> ls


    Directory: D:\GitHub\B_R\Main\CodeFirst\ConsoleApp


Mode                 LastWriteTime         Length Name
----                 -------------         ------ ----
d-----         31-Jan-22     16:33                bin
d-----         01-Feb-22     16:04                Database
d-----         31-Jan-22     16:33                Migrations
d-----         31-Jan-22     16:33                Models
d-----         31-Jan-22     17:06                obj
-a----         31-Jan-22     16:33            540 ConsoleApp.csproj
-a----         31-Jan-22     18:09           2290 Program.cs


PS D:\GitHub\B_R\Main\CodeFirst\ConsoleApp> dotnet ef dbcontext scaffold "Server=localhost;Database=BookLibraryDB;Trusted_Connection=True;" "Microsoft.EntityFrameworkCore.SqlServer" --context BookLibraryDBContext --context-dir Database --output-dir Models
File D:\GitHub\B_R\Main\CodeFirst\.config\dotnet-tools.json came from another computer and might be blocked to help protect this computer. For more information, including how to unblock, see https://aka.ms/motw
PS D:\GitHub\B_R\Main\CodeFirst\ConsoleApp> dotnet ef dbcontext scaffold "Server=localhost;Database=BookLibraryDB;Trusted_Connection=True;" "Microsoft.EntityFrameworkCore.SqlServer" --context BookLibraryDBContext --context-dir Database --output-dir Models
Build started...
Build succeeded.
To protect potentially sensitive information in your connection string, you should move it out of source code. You can avoid scaffolding the connection string by using the Name= syntax to read it from configuration - see https://go.microsoft.com/fwlink/?linkid=2131148. For more guidance on storing connection strings, see http://go.microsoft.com/fwlink/?LinkId=723263.
Microsoft.Data.SqlClient.SqlException (0x80131904): Cannot open database "BookLibraryDB" requested by the login. The login failed.
Login failed for user 'DESKTOP-J0J7SK7\a'.
   at Microsoft.Data.SqlClient.SqlInternalConnection.OnError(SqlException exception, Boolean breakConnection, Action`1 wrapCloseInAction)
   at Microsoft.Data.SqlClient.TdsParser.ThrowExceptionAndWarning(TdsParserStateObject stateObj, Boolean callerHasConnectionLock, Boolean asyncClose)
   at Microsoft.Data.SqlClient.TdsParser.TryRun(RunBehavior runBehavior, SqlCommand cmdHandler, SqlDataReader dataStream, BulkCopySimpleResultSet bulkCopyHandler, TdsParserStateObject stateObj, Boolean& dataReady)
   at Microsoft.Data.SqlClient.TdsParser.Run(RunBehavior runBehavior, SqlCommand cmdHandler, SqlDataReader dataStream, BulkCopySimpleResultSet bulkCopyHandler, TdsParserStateObject stateObj)
   at Microsoft.Data.SqlClient.SqlInternalConnectionTds.CompleteLogin(Boolean enlistOK)
   at Microsoft.Data.SqlClient.SqlInternalConnectionTds.AttemptOneLogin(ServerInfo serverInfo, String newPassword, SecureString newSecurePassword, Boolean ignoreSniOpenTimeout, TimeoutTimer timeout, Boolean withFailover)
   at Microsoft.Data.SqlClient.SqlInternalConnectionTds.LoginNoFailover(ServerInfo serverInfo, String newPassword, SecureString newSecurePassword, Boolean redirectedUserInstance, SqlConnectionString connectionOptions, SqlCredential credential, TimeoutTimer timeout)
   at Microsoft.Data.SqlClient.SqlInternalConnectionTds.OpenLoginEnlist(TimeoutTimer timeout, SqlConnectionString connectionOptions, SqlCredential credential, String newPassword, SecureString newSecurePassword, Boolean redirectedUserInstance)
   at Microsoft.Data.SqlClient.SqlInternalConnectionTds..ctor(DbConnectionPoolIdentity identity, SqlConnectionString connectionOptions, SqlCredential credential, Object providerInfo, String newPassword, SecureString newSecurePassword, Boolean redirectedUserInstance, SqlConnectionString userConnectionOptions, SessionData reconnectSessionData, Boolean applyTransientFaultHandling, String accessToken, DbConnectionPool pool)
   at Microsoft.Data.SqlClient.SqlConnectionFactory.CreateConnection(DbConnectionOptions options, DbConnectionPoolKey poolKey, Object poolGroupProviderInfo, DbConnectionPool pool, DbConnection owningConnection, DbConnectionOptions userOptions)
   at Microsoft.Data.ProviderBase.DbConnectionFactory.CreatePooledConnection(DbConnectionPool pool, DbConnection owningObject, DbConnectionOptions options, DbConnectionPoolKey poolKey, DbConnectionOptions userOptions)
   at Microsoft.Data.ProviderBase.DbConnectionPool.CreateObject(DbConnection owningObject, DbConnectionOptions userOptions, DbConnectionInternal oldConnection)
   at Microsoft.Data.ProviderBase.DbConnectionPool.UserCreateRequest(DbConnection owningObject, DbConnectionOptions userOptions, DbConnectionInternal oldConnection)
   at Microsoft.Data.ProviderBase.DbConnectionPool.TryGetConnection(DbConnection owningObject, UInt32 waitForMultipleObjectsTimeout, Boolean allowCreate, Boolean onlyOneCheckConnection, DbConnectionOptions userOptions, DbConnectionInternal& connection)
   at Microsoft.Data.ProviderBase.DbConnectionPool.TryGetConnection(DbConnection owningObject, TaskCompletionSource`1 retry, DbConnectionOptions userOptions, DbConnectionInternal& connection)
   at Microsoft.Data.ProviderBase.DbConnectionFactory.TryGetConnection(DbConnection owningConnection, TaskCompletionSource`1 retry, DbConnectionOptions userOptions, DbConnectionInternal oldConnection, DbConnectionInternal& connection)
   at Microsoft.Data.ProviderBase.DbConnectionInternal.TryOpenConnectionInternal(DbConnection outerConnection, DbConnectionFactory connectionFactory, TaskCompletionSource`1 retry, DbConnectionOptions userOptions)
   at Microsoft.Data.ProviderBase.DbConnectionClosed.TryOpenConnection(DbConnection outerConnection, DbConnectionFactory connectionFactory, TaskCompletionSource`1 retry, DbConnectionOptions userOptions)
   at Microsoft.Data.SqlClient.SqlConnection.TryOpen(TaskCompletionSource`1 retry, SqlConnectionOverrides overrides)
   at Microsoft.Data.SqlClient.SqlConnection.Open(SqlConnectionOverrides overrides)
   at Microsoft.Data.SqlClient.SqlConnection.Open()
   at Microsoft.EntityFrameworkCore.SqlServer.Scaffolding.Internal.SqlServerDatabaseModelFactory.Create(DbConnection connection, DatabaseModelFactoryOptions options)
   at Microsoft.EntityFrameworkCore.SqlServer.Scaffolding.Internal.SqlServerDatabaseModelFactory.Create(String connectionString, DatabaseModelFactoryOptions options)
   at Microsoft.EntityFrameworkCore.Scaffolding.Internal.ReverseEngineerScaffolder.ScaffoldModel(String connectionString, DatabaseModelFactoryOptions databaseOptions, ModelReverseEngineerOptions modelOptions, ModelCodeGenerationOptions codeOptions)
   at Microsoft.EntityFrameworkCore.Design.Internal.DatabaseOperations.ScaffoldContext(String provider, String connectionString, String outputDir, String outputContextDir, String dbContextClassName, IEnumerable`1 schemas, IEnumerable`1 tables, String modelNamespace, String contextNamespace, Boolean useDataAnnotations, Boolean overwriteFiles, Boolean useDatabaseNames, Boolean suppressOnConfiguring, Boolean noPluralize)
   at Microsoft.EntityFrameworkCore.Design.OperationExecutor.ScaffoldContextImpl(String provider, String connectionString, String outputDir, String outputDbContextDir, String dbContextClassName, IEnumerable`1 schemaFilters, IEnumerable`1 tableFilters, String modelNamespace, String contextNamespace, Boolean useDataAnnotations, Boolean overwriteFiles, Boolean useDatabaseNames, Boolean suppressOnConfiguring, Boolean noPluarlize)
   at Microsoft.EntityFrameworkCore.Design.OperationExecutor.ScaffoldContext.<>c__DisplayClass0_0.<.ctor>b__0()
   at Microsoft.EntityFrameworkCore.Design.OperationExecutor.OperationBase.<>c__DisplayClass3_0`1.<Execute>b__0()
   at Microsoft.EntityFrameworkCore.Design.OperationExecutor.OperationBase.Execute(Action action)
ClientConnectionId:b4198de4-ce67-4ab3-817d-19a99a3bb134
Error Number:4060,State:1,Class:11
Cannot open database "BookLibraryDB" requested by the login. The login failed.
Login failed for user 'DESKTOP-J0J7SK7\a'.
PS D:\GitHub\B_R\Main\CodeFirst\ConsoleApp> dotnet ef dbcontext scaffold "Server=localhost;Database=BookLibraryDB;Trusted_Connection=True;" "Microsoft.EntityFrameworkCore.SqlServer" --context BookLibraryDBContext --context-dir Database --output-dir Models
Build started...
Build succeeded.
To protect potentially sensitive information in your connection string, you should move it out of source code. You can avoid scaffolding the connection string by using the Name= syntax to read it from configuration - see https://go.microsoft.com/fwlink/?linkid=2131148. For more guidance on storing connection strings, see http://go.microsoft.com/fwlink/?LinkId=723263.
The following file(s) already exist in directory 'D:\GitHub\B_R\Main\CodeFirst\ConsoleApp\Models': ..\Database\BookLibraryDBContext.cs. Use the Force flag to overwrite these files.
PS D:\GitHub\B_R\Main\CodeFirst\ConsoleApp> dotnet ef dbcontext scaffold "Server=localhost;Database=BookLibraryDB;Trusted_Connection=True;" "Microsoft.EntityFrameworkCore.SqlServer" --context BookLibraryDBContext --context-dir Database --output-dir Models
Build started...
Build succeeded.
To protect potentially sensitive information in your connection string, you should move it out of source code. You can avoid scaffolding the connection string by using the Name= syntax to read it from configuration - see https://go.microsoft.com/fwlink/?linkid=2131148. For more guidance on storing connection strings, see http://go.microsoft.com/fwlink/?LinkId=723263.
The following file(s) already exist in directory 'D:\GitHub\B_R\Main\CodeFirst\ConsoleApp\Models': ..\Database\BookLibraryDBContext.cs. Use the Force flag to overwrite these files.
PS D:\GitHub\B_R\Main\CodeFirst\ConsoleApp> dotnet ef dbcontext scaffold "Server=localhost;Database=BookLibraryDB;Trusted_Connection=True;" "Microsoft.EntityFrameworkCore.SqlServer" --context BookLibraryDBContext --context-dir Database --output-dir Models
Build started...
Build succeeded.
To protect potentially sensitive information in your connection string, you should move it out of source code. You can avoid scaffolding the connection string by using the Name= syntax to read it from configuration - see https://go.microsoft.com/fwlink/?linkid=2131148. For more guidance on storing connection strings, see http://go.microsoft.com/fwlink/?LinkId=723263.
The following file(s) already exist in directory 'D:\GitHub\B_R\Main\CodeFirst\ConsoleApp\Models': ..\Database\BookLibraryDBContext.cs. Use the Force flag to overwrite these files.
PS D:\GitHub\B_R\Main\CodeFirst\ConsoleApp> dotnet ef dbcontext scaffold "Server=localhost;Database=BookLibraryDB;Trusted_Connection=True;" "Microsoft.EntityFrameworkCore.SqlServer" --context BookLibraryDBContext --context-dir Database --output-dir Models
Build started...
Build failed. Use dotnet build to see the errors.
PS D:\GitHub\B_R\Main\CodeFirst\ConsoleApp> dotnet ef dbcontext scaffold "Server=localhost;Database=BookLibraryDB;Trusted_Connection=True;" "Microsoft.EntityFrameworkCore.SqlServer" --context BookLibraryDBContext --context-dir Database --output-dir Models
Build started...
Build succeeded.
To protect potentially sensitive information in your connection string, you should move it out of source code. You can avoid scaffolding the connection string by using the Name= syntax to read it from configuration - see https://go.microsoft.com/fwlink/?linkid=2131148. For more guidance on storing connection strings, see http://go.microsoft.com/fwlink/?LinkId=723263.
The following file(s) already exist in directory 'D:\GitHub\B_R\Main\CodeFirst\ConsoleApp\Models': ..\Database\BookLibraryDBContext.cs. Use the Force flag to overwrite these files.
PS D:\GitHub\B_R\Main\CodeFirst\ConsoleApp> dotnet ef dbcontext scaffold "Server=localhost;Database=BookLibraryDB;Trusted_Connection=True;" "Microsoft.EntityFrameworkCore.SqlServer" --context BookLibraryDBContext --context-dir Database --output-dir Models
Build started...
Build succeeded.
To protect potentially sensitive information in your connection string, you should move it out of source code. You can avoid scaffolding the connection string by using the Name= syntax to read it from configuration - see https://go.microsoft.com/fwlink/?linkid=2131148. For more guidance on storing connection strings, see http://go.microsoft.com/fwlink/?LinkId=723263.
PS D:\GitHub\B_R\Main\CodeFirst\ConsoleApp> dotnet ef dbcontext scaffold "Server=localhost;Database=BookLibraryDB;Trusted_Connection=True;" "Microsoft.EntityFrameworkCore.SqlServer" --context BookLibraryDBContext --context-dir Database --output-dir Models
Build started...
Build succeeded.
To protect potentially sensitive information in your connection string, you should move it out of source code. You can avoid scaffolding the connection string by using the Name= syntax to read it from configuration - see https://go.microsoft.com/fwlink/?linkid=2131148. For more guidance on storing connection strings, see http://go.microsoft.com/fwlink/?LinkId=723263.
The following file(s) already exist in directory 'D:\GitHub\B_R\Main\CodeFirst\ConsoleApp\Models': ..\Database\BookLibraryDBContext.cs. Use the Force flag to overwrite these files.
PS D:\GitHub\B_R\Main\CodeFirst\ConsoleApp> dotnet ef migrations add Initial
Build started...
Build succeeded.
More than one DbContext was found. Specify which one to use. Use the '-Context' parameter for PowerShell commands and the '--context' parameter for dotnet commands.
PS D:\GitHub\B_R\Main\CodeFirst\ConsoleApp> dotnet ef migrations add Initial
Build started...
Build succeeded.
Done. To undo this action, use 'ef migrations remove'
PS D:\GitHub\B_R\Main\CodeFirst\ConsoleApp> dotnet ef database update
Build started...
Build succeeded.
Applying migration '20220201170411_Initial'.
Done.
PS D:\GitHub\B_R\Main\CodeFirst\ConsoleApp>